mkdir build
arm-none-eabi-gcc -c -mcpu=cortex-m7 -mthumb -mfpu=fpv5-d16 -mfloat-abi=hard  -DUSE_HAL_DRIVER -DSTM32H750xx -DHSE_VALUE=16000000  -DCORE_CM7 -DSTM32H750IB -DARM_MATH_CM7 -DUSE_FULL_LL_DRIVER -DUSE_DAISYSP_LGPL -DFILEIO_ENABLE_FATFS_READER -DBOOT_APP -include stm32h7xx.h -IlibDaisy -IlibDaisy/src/ -IlibDaisy/src/sys -IlibDaisy/src/usbd -IlibDaisy/src/usbh -IlibDaisy/Drivers/CMSIS_5/CMSIS/Core/Include/ -IlibDaisy/Drivers/CMSIS-DSP/Include -IlibDaisy/Drivers/CMSIS-Device/ST/STM32H7xx/Include -IlibDaisy/Drivers/STM32H7xx_HAL_Driver/Inc/ -IlibDaisy/Middlewares/ST/STM32_USB_Device_Library/Core/Inc -IlibDaisy/Middlewares/ST/STM32_USB_Host_Library/Core/Inc -IlibDaisy/Middlewares/ST/STM32_USB_Host_Library/Class/MSC/Inc -IlibDaisy/Middlewares/ST/STM32_USB_Host_Library/Class/MIDI/Inc -IlibDaisy/core/ -IDaisySP/Source -IDaisySP/DaisySP-LGPL/Source -IlibDaisy/Middlewares/Third_Party/FatFs/src -O2 -Wall -Wno-missing-attributes -fasm -fdata-sections -ffunction-sections -Wno-stringop-overflow -g -ggdb -MMD -MP -MF"build/startup_stm32h750xx.d" -std=gnu11 -Wa,-a,-ad,-alms=build/startup_stm32h750xx.lst libDaisy/core/startup_stm32h750xx.c -o build/startup_stm32h750xx.o
libDaisy/core/startup_stm32h750xx.c:1561:1: warning: FP registers might be clobbered despite 'interrupt' attribute: compile with '-mgeneral-regs-only' [-Wattributes]
 1561 | {
      | ^
arm-none-eabi-gcc -c -mcpu=cortex-m7 -mthumb -mfpu=fpv5-d16 -mfloat-abi=hard  -DUSE_HAL_DRIVER -DSTM32H750xx -DHSE_VALUE=16000000  -DCORE_CM7 -DSTM32H750IB -DARM_MATH_CM7 -DUSE_FULL_LL_DRIVER -DUSE_DAISYSP_LGPL -DFILEIO_ENABLE_FATFS_READER -DBOOT_APP -include stm32h7xx.h -IlibDaisy -IlibDaisy/src/ -IlibDaisy/src/sys -IlibDaisy/src/usbd -IlibDaisy/src/usbh -IlibDaisy/Drivers/CMSIS_5/CMSIS/Core/Include/ -IlibDaisy/Drivers/CMSIS-DSP/Include -IlibDaisy/Drivers/CMSIS-Device/ST/STM32H7xx/Include -IlibDaisy/Drivers/STM32H7xx_HAL_Driver/Inc/ -IlibDaisy/Middlewares/ST/STM32_USB_Device_Library/Core/Inc -IlibDaisy/Middlewares/ST/STM32_USB_Host_Library/Core/Inc -IlibDaisy/Middlewares/ST/STM32_USB_Host_Library/Class/MSC/Inc -IlibDaisy/Middlewares/ST/STM32_USB_Host_Library/Class/MIDI/Inc -IlibDaisy/core/ -IDaisySP/Source -IDaisySP/DaisySP-LGPL/Source -IlibDaisy/Middlewares/Third_Party/FatFs/src -O2 -Wall -Wno-missing-attributes -fasm -fdata-sections -ffunction-sections -Wno-stringop-overflow -g -ggdb -MMD -MP -MF"build/diskio.d" -std=gnu11 -Wa,-a,-ad,-alms=build/diskio.lst libDaisy/Middlewares/Third_Party/FatFs/src/diskio.c -o build/diskio.o
arm-none-eabi-gcc -c -mcpu=cortex-m7 -mthumb -mfpu=fpv5-d16 -mfloat-abi=hard  -DUSE_HAL_DRIVER -DSTM32H750xx -DHSE_VALUE=16000000  -DCORE_CM7 -DSTM32H750IB -DARM_MATH_CM7 -DUSE_FULL_LL_DRIVER -DUSE_DAISYSP_LGPL -DFILEIO_ENABLE_FATFS_READER -DBOOT_APP -include stm32h7xx.h -IlibDaisy -IlibDaisy/src/ -IlibDaisy/src/sys -IlibDaisy/src/usbd -IlibDaisy/src/usbh -IlibDaisy/Drivers/CMSIS_5/CMSIS/Core/Include/ -IlibDaisy/Drivers/CMSIS-DSP/Include -IlibDaisy/Drivers/CMSIS-Device/ST/STM32H7xx/Include -IlibDaisy/Drivers/STM32H7xx_HAL_Driver/Inc/ -IlibDaisy/Middlewares/ST/STM32_USB_Device_Library/Core/Inc -IlibDaisy/Middlewares/ST/STM32_USB_Host_Library/Core/Inc -IlibDaisy/Middlewares/ST/STM32_USB_Host_Library/Class/MSC/Inc -IlibDaisy/Middlewares/ST/STM32_USB_Host_Library/Class/MIDI/Inc -IlibDaisy/core/ -IDaisySP/Source -IDaisySP/DaisySP-LGPL/Source -IlibDaisy/Middlewares/Third_Party/FatFs/src -O2 -Wall -Wno-missing-attributes -fasm -fdata-sections -ffunction-sections -Wno-stringop-overflow -g -ggdb -MMD -MP -MF"build/ff.d" -std=gnu11 -Wa,-a,-ad,-alms=build/ff.lst libDaisy/Middlewares/Third_Party/FatFs/src/ff.c -o build/ff.o
arm-none-eabi-gcc -c -mcpu=cortex-m7 -mthumb -mfpu=fpv5-d16 -mfloat-abi=hard  -DUSE_HAL_DRIVER -DSTM32H750xx -DHSE_VALUE=16000000  -DCORE_CM7 -DSTM32H750IB -DARM_MATH_CM7 -DUSE_FULL_LL_DRIVER -DUSE_DAISYSP_LGPL -DFILEIO_ENABLE_FATFS_READER -DBOOT_APP -include stm32h7xx.h -IlibDaisy -IlibDaisy/src/ -IlibDaisy/src/sys -IlibDaisy/src/usbd -IlibDaisy/src/usbh -IlibDaisy/Drivers/CMSIS_5/CMSIS/Core/Include/ -IlibDaisy/Drivers/CMSIS-DSP/Include -IlibDaisy/Drivers/CMSIS-Device/ST/STM32H7xx/Include -IlibDaisy/Drivers/STM32H7xx_HAL_Driver/Inc/ -IlibDaisy/Middlewares/ST/STM32_USB_Device_Library/Core/Inc -IlibDaisy/Middlewares/ST/STM32_USB_Host_Library/Core/Inc -IlibDaisy/Middlewares/ST/STM32_USB_Host_Library/Class/MSC/Inc -IlibDaisy/Middlewares/ST/STM32_USB_Host_Library/Class/MIDI/Inc -IlibDaisy/core/ -IDaisySP/Source -IDaisySP/DaisySP-LGPL/Source -IlibDaisy/Middlewares/Third_Party/FatFs/src -O2 -Wall -Wno-missing-attributes -fasm -fdata-sections -ffunction-sections -Wno-stringop-overflow -g -ggdb -MMD -MP -MF"build/ff_gen_drv.d" -std=gnu11 -Wa,-a,-ad,-alms=build/ff_gen_drv.lst libDaisy/Middlewares/Third_Party/FatFs/src/ff_gen_drv.c -o build/ff_gen_drv.o
arm-none-eabi-gcc -c -mcpu=cortex-m7 -mthumb -mfpu=fpv5-d16 -mfloat-abi=hard  -DUSE_HAL_DRIVER -DSTM32H750xx -DHSE_VALUE=16000000  -DCORE_CM7 -DSTM32H750IB -DARM_MATH_CM7 -DUSE_FULL_LL_DRIVER -DUSE_DAISYSP_LGPL -DFILEIO_ENABLE_FATFS_READER -DBOOT_APP -include stm32h7xx.h -IlibDaisy -IlibDaisy/src/ -IlibDaisy/src/sys -IlibDaisy/src/usbd -IlibDaisy/src/usbh -IlibDaisy/Drivers/CMSIS_5/CMSIS/Core/Include/ -IlibDaisy/Drivers/CMSIS-DSP/Include -IlibDaisy/Drivers/CMSIS-Device/ST/STM32H7xx/Include -IlibDaisy/Drivers/STM32H7xx_HAL_Driver/Inc/ -IlibDaisy/Middlewares/ST/STM32_USB_Device_Library/Core/Inc -IlibDaisy/Middlewares/ST/STM32_USB_Host_Library/Core/Inc -IlibDaisy/Middlewares/ST/STM32_USB_Host_Library/Class/MSC/Inc -IlibDaisy/Middlewares/ST/STM32_USB_Host_Library/Class/MIDI/Inc -IlibDaisy/core/ -IDaisySP/Source -IDaisySP/DaisySP-LGPL/Source -IlibDaisy/Middlewares/Third_Party/FatFs/src -O2 -Wall -Wno-missing-attributes -fasm -fdata-sections -ffunction-sections -Wno-stringop-overflow -g -ggdb -MMD -MP -MF"build/ccsbcs.d" -std=gnu11 -Wa,-a,-ad,-alms=build/ccsbcs.lst libDaisy/Middlewares/Third_Party/FatFs/src/option/ccsbcs.c -o build/ccsbcs.o
arm-none-eabi-g++ -c -mcpu=cortex-m7 -mthumb -mfpu=fpv5-d16 -mfloat-abi=hard  -DUSE_HAL_DRIVER -DSTM32H750xx -DHSE_VALUE=16000000  -DCORE_CM7 -DSTM32H750IB -DARM_MATH_CM7 -DUSE_FULL_LL_DRIVER -DUSE_DAISYSP_LGPL -DFILEIO_ENABLE_FATFS_READER -DBOOT_APP -include stm32h7xx.h -IlibDaisy -IlibDaisy/src/ -IlibDaisy/src/sys -IlibDaisy/src/usbd -IlibDaisy/src/usbh -IlibDaisy/Drivers/CMSIS_5/CMSIS/Core/Include/ -IlibDaisy/Drivers/CMSIS-DSP/Include -IlibDaisy/Drivers/CMSIS-Device/ST/STM32H7xx/Include -IlibDaisy/Drivers/STM32H7xx_HAL_Driver/Inc/ -IlibDaisy/Middlewares/ST/STM32_USB_Device_Library/Core/Inc -IlibDaisy/Middlewares/ST/STM32_USB_Host_Library/Core/Inc -IlibDaisy/Middlewares/ST/STM32_USB_Host_Library/Class/MSC/Inc -IlibDaisy/Middlewares/ST/STM32_USB_Host_Library/Class/MIDI/Inc -IlibDaisy/core/ -IDaisySP/Source -IDaisySP/DaisySP-LGPL/Source -IlibDaisy/Middlewares/Third_Party/FatFs/src -O2 -Wall -Wno-missing-attributes -fasm -fdata-sections -ffunction-sections -Wno-stringop-overflow -g -ggdb -MMD -MP -MF"build/main.d" -fno-exceptions -fasm -finline -finline-functions-called-once -fshort-enums -fno-move-loop-invariants -fno-unwind-tables -fno-rtti -Wno-register -std=gnu++14 -Wa,-a,-ad,-alms=build/main.lst main.cpp -o build/main.o
main.cpp: In function 'int main()':
main.cpp:307:33: error: could not convert 'storage.daisy::PersistentStorage<Settings>::Save()' from 'void' to 'bool'
  307 |                 if (storage.Save()) {
      |                     ~~~~~~~~~~~~^~
      |                                 |
      |                                 void
make: *** [build/main.o] Error 1
arm-none-eabi-g++ -c -mcpu=cortex-m7 -mthumb -mfpu=fpv5-d16 -mfloat-abi=hard  -DUSE_HAL_DRIVER -DSTM32H750xx -DHSE_VALUE=16000000  -DCORE_CM7 -DSTM32H750IB -DARM_MATH_CM7 -DUSE_FULL_LL_DRIVER -DUSE_DAISYSP_LGPL -DFILEIO_ENABLE_FATFS_READER -DBOOT_APP -include stm32h7xx.h -IlibDaisy -IlibDaisy/src/ -IlibDaisy/src/sys -IlibDaisy/src/usbd -IlibDaisy/src/usbh -IlibDaisy/Drivers/CMSIS_5/CMSIS/Core/Include/ -IlibDaisy/Drivers/CMSIS-DSP/Include -IlibDaisy/Drivers/CMSIS-Device/ST/STM32H7xx/Include -IlibDaisy/Drivers/STM32H7xx_HAL_Driver/Inc/ -IlibDaisy/Middlewares/ST/STM32_USB_Device_Library/Core/Inc -IlibDaisy/Middlewares/ST/STM32_USB_Host_Library/Core/Inc -IlibDaisy/Middlewares/ST/STM32_USB_Host_Library/Class/MSC/Inc -IlibDaisy/Middlewares/ST/STM32_USB_Host_Library/Class/MIDI/Inc -IlibDaisy/core/ -IDaisySP/Source -IDaisySP/DaisySP-LGPL/Source -IlibDaisy/Middlewares/Third_Party/FatFs/src -O2 -Wall -Wno-missing-attributes -fasm -fdata-sections -ffunction-sections -Wno-stringop-overflow -g -ggdb -MMD -MP -MF"build/main.d" -fno-exceptions -fasm -finline -finline-functions-called-once -fshort-enums -fno-move-loop-invariants -fno-unwind-tables -fno-rtti -Wno-register -std=gnu++14 -Wa,-a,-ad,-alms=build/main.lst main.cpp -o build/main.o
arm-none-eabi-g++ build/startup_stm32h750xx.o build/diskio.o build/ff.o build/ff_gen_drv.o build/ccsbcs.o build/main.o  -u _printf_float -mcpu=cortex-m7 -mthumb -mfpu=fpv5-d16 -mfloat-abi=hard --specs=nano.specs --specs=nosys.specs -TlibDaisy/core/STM32H750IB_qspi.lds -LlibDaisy/build -L DaisySP/build -L DaisySP/DaisySP-LGPL/build -ldaisy -lc -lm -lnosys -ldaisysp -ldaisysp-lgpl -Wl,-Map=build/no_such_verb.map,--cref -Wl,--gc-sections -Wl,--print-memory-usage -o build/no_such_verb.elf
/Applications/ArmGNUToolchain/14.3.rel1/arm-none-eabi/bin/../lib/gcc/arm-none-eabi/14.3.1/../../../../arm-none-eabi/bin/ld: /Applications/ArmGNUToolchain/14.3.rel1/arm-none-eabi/bin/../lib/gcc/arm-none-eabi/14.3.1/../../../../arm-none-eabi/lib/thumb/v7e-m+dp/hard/libc_nano.a(libc_a-closer.o): in function `_close_r':
closer.c:(.text._close_r+0xc): warning: _close is not implemented and will always fail
/Applications/ArmGNUToolchain/14.3.rel1/arm-none-eabi/bin/../lib/gcc/arm-none-eabi/14.3.1/../../../../arm-none-eabi/bin/ld: /Applications/ArmGNUToolchain/14.3.rel1/arm-none-eabi/bin/../lib/gcc/arm-none-eabi/14.3.1/../../../../arm-none-eabi/lib/thumb/v7e-m+dp/hard/libc_nano.a(libc_a-closer.o): note: the message above does not take linker garbage collection into account
/Applications/ArmGNUToolchain/14.3.rel1/arm-none-eabi/bin/../lib/gcc/arm-none-eabi/14.3.1/../../../../arm-none-eabi/bin/ld: /Applications/ArmGNUToolchain/14.3.rel1/arm-none-eabi/bin/../lib/gcc/arm-none-eabi/14.3.1/../../../../arm-none-eabi/lib/thumb/v7e-m+dp/hard/libc_nano.a(libc_a-fstatr.o): in function `_fstat_r':
fstatr.c:(.text._fstat_r+0xe): warning: _fstat is not implemented and will always fail
/Applications/ArmGNUToolchain/14.3.rel1/arm-none-eabi/bin/../lib/gcc/arm-none-eabi/14.3.1/../../../../arm-none-eabi/bin/ld: /Applications/ArmGNUToolchain/14.3.rel1/arm-none-eabi/bin/../lib/gcc/arm-none-eabi/14.3.1/../../../../arm-none-eabi/lib/thumb/v7e-m+dp/hard/libc_nano.a(libc_a-fstatr.o): note: the message above does not take linker garbage collection into account
/Applications/ArmGNUToolchain/14.3.rel1/arm-none-eabi/bin/../lib/gcc/arm-none-eabi/14.3.1/../../../../arm-none-eabi/bin/ld: /Applications/ArmGNUToolchain/14.3.rel1/arm-none-eabi/bin/../lib/gcc/arm-none-eabi/14.3.1/../../../../arm-none-eabi/lib/thumb/v7e-m+dp/hard/libc_nano.a(libc_a-signalr.o): in function `_getpid_r':
signalr.c:(.text._getpid_r+0x0): warning: _getpid is not implemented and will always fail
/Applications/ArmGNUToolchain/14.3.rel1/arm-none-eabi/bin/../lib/gcc/arm-none-eabi/14.3.1/../../../../arm-none-eabi/bin/ld: /Applications/ArmGNUToolchain/14.3.rel1/arm-none-eabi/bin/../lib/gcc/arm-none-eabi/14.3.1/../../../../arm-none-eabi/lib/thumb/v7e-m+dp/hard/libc_nano.a(libc_a-signalr.o): note: the message above does not take linker garbage collection into account
/Applications/ArmGNUToolchain/14.3.rel1/arm-none-eabi/bin/../lib/gcc/arm-none-eabi/14.3.1/../../../../arm-none-eabi/bin/ld: /Applications/ArmGNUToolchain/14.3.rel1/arm-none-eabi/bin/../lib/gcc/arm-none-eabi/14.3.1/../../../../arm-none-eabi/lib/thumb/v7e-m+dp/hard/libc_nano.a(libc_a-isattyr.o): in function `_isatty_r':
isattyr.c:(.text._isatty_r+0xc): warning: _isatty is not implemented and will always fail
/Applications/ArmGNUToolchain/14.3.rel1/arm-none-eabi/bin/../lib/gcc/arm-none-eabi/14.3.1/../../../../arm-none-eabi/bin/ld: /Applications/ArmGNUToolchain/14.3.rel1/arm-none-eabi/bin/../lib/gcc/arm-none-eabi/14.3.1/../../../../arm-none-eabi/lib/thumb/v7e-m+dp/hard/libc_nano.a(libc_a-isattyr.o): note: the message above does not take linker garbage collection into account
/Applications/ArmGNUToolchain/14.3.rel1/arm-none-eabi/bin/../lib/gcc/arm-none-eabi/14.3.1/../../../../arm-none-eabi/bin/ld: /Applications/ArmGNUToolchain/14.3.rel1/arm-none-eabi/bin/../lib/gcc/arm-none-eabi/14.3.1/../../../../arm-none-eabi/lib/thumb/v7e-m+dp/hard/libc_nano.a(libc_a-signalr.o): in function `_kill_r':
signalr.c:(.text._kill_r+0xe): warning: _kill is not implemented and will always fail
/Applications/ArmGNUToolchain/14.3.rel1/arm-none-eabi/bin/../lib/gcc/arm-none-eabi/14.3.1/../../../../arm-none-eabi/bin/ld: /Applications/ArmGNUToolchain/14.3.rel1/arm-none-eabi/bin/../lib/gcc/arm-none-eabi/14.3.1/../../../../arm-none-eabi/lib/thumb/v7e-m+dp/hard/libc_nano.a(libc_a-signalr.o): note: the message above does not take linker garbage collection into account
/Applications/ArmGNUToolchain/14.3.rel1/arm-none-eabi/bin/../lib/gcc/arm-none-eabi/14.3.1/../../../../arm-none-eabi/bin/ld: /Applications/ArmGNUToolchain/14.3.rel1/arm-none-eabi/bin/../lib/gcc/arm-none-eabi/14.3.1/../../../../arm-none-eabi/lib/thumb/v7e-m+dp/hard/libc_nano.a(libc_a-lseekr.o): in function `_lseek_r':
lseekr.c:(.text._lseek_r+0x10): warning: _lseek is not implemented and will always fail
/Applications/ArmGNUToolchain/14.3.rel1/arm-none-eabi/bin/../lib/gcc/arm-none-eabi/14.3.1/../../../../arm-none-eabi/bin/ld: /Applications/ArmGNUToolchain/14.3.rel1/arm-none-eabi/bin/../lib/gcc/arm-none-eabi/14.3.1/../../../../arm-none-eabi/lib/thumb/v7e-m+dp/hard/libc_nano.a(libc_a-lseekr.o): note: the message above does not take linker garbage collection into account
/Applications/ArmGNUToolchain/14.3.rel1/arm-none-eabi/bin/../lib/gcc/arm-none-eabi/14.3.1/../../../../arm-none-eabi/bin/ld: /Applications/ArmGNUToolchain/14.3.rel1/arm-none-eabi/bin/../lib/gcc/arm-none-eabi/14.3.1/../../../../arm-none-eabi/lib/thumb/v7e-m+dp/hard/libc_nano.a(libc_a-readr.o): in function `_read_r':
readr.c:(.text._read_r+0x10): warning: _read is not implemented and will always fail
/Applications/ArmGNUToolchain/14.3.rel1/arm-none-eabi/bin/../lib/gcc/arm-none-eabi/14.3.1/../../../../arm-none-eabi/bin/ld: /Applications/ArmGNUToolchain/14.3.rel1/arm-none-eabi/bin/../lib/gcc/arm-none-eabi/14.3.1/../../../../arm-none-eabi/lib/thumb/v7e-m+dp/hard/libc_nano.a(libc_a-readr.o): note: the message above does not take linker garbage collection into account
/Applications/ArmGNUToolchain/14.3.rel1/arm-none-eabi/bin/../lib/gcc/arm-none-eabi/14.3.1/../../../../arm-none-eabi/bin/ld: /Applications/ArmGNUToolchain/14.3.rel1/arm-none-eabi/bin/../lib/gcc/arm-none-eabi/14.3.1/../../../../arm-none-eabi/lib/thumb/v7e-m+dp/hard/libc_nano.a(libc_a-writer.o): in function `_write_r':
writer.c:(.text._write_r+0x10): warning: _write is not implemented and will always fail
/Applications/ArmGNUToolchain/14.3.rel1/arm-none-eabi/bin/../lib/gcc/arm-none-eabi/14.3.1/../../../../arm-none-eabi/bin/ld: /Applications/ArmGNUToolchain/14.3.rel1/arm-none-eabi/bin/../lib/gcc/arm-none-eabi/14.3.1/../../../../arm-none-eabi/lib/thumb/v7e-m+dp/hard/libc_nano.a(libc_a-writer.o): note: the message above does not take linker garbage collection into account
/Applications/ArmGNUToolchain/14.3.rel1/arm-none-eabi/bin/../lib/gcc/arm-none-eabi/14.3.1/../../../../arm-none-eabi/bin/ld: warning: build/no_such_verb.elf has a LOAD segment with RWX permissions
Memory region         Used Size  Region Size  %age Used
           FLASH:           0 B       128 KB      0.00%
         DTCMRAM:           0 B       128 KB      0.00%
            SRAM:      431952 B       512 KB     82.39%
      RAM_D2_DMA:       17884 B        32 KB     54.58%
          RAM_D2:           0 B       256 KB      0.00%
          RAM_D3:           0 B        64 KB      0.00%
     BACKUP_SRAM:          12 B         4 KB      0.29%
         ITCMRAM:           0 B        64 KB      0.00%
           SDRAM:           0 B        64 MB      0.00%
       QSPIFLASH:      118668 B      7936 KB      1.46%
arm-none-eabi-objcopy -O ihex build/no_such_verb.elf build/no_such_verb.hex
arm-none-eabi-objcopy -O binary -S build/no_such_verb.elf build/no_such_verb.bin
